❌ webkit 320px  FAIL:10 WARN:17
   △ [tap-target] 113×26px 「株式会社
    やまと不動産」 @ header#hd > a.hd__brand
   △ [tap-target] 149×36px 「来場のご予約」 @ header#hd > a.hd__cta
   △ [tap-target] 62×38px 「すべて」 @ div#fArea > button.fbtn.is-on
   △ [tap-target] 62×38px 「奈良市」 @ div#fArea > button.fbtn
   △ [tap-target] 89×38px 「大和郡山市」 @ div#fArea > button.fbtn
   △ [tap-target] 62×38px 「天理市」 @ div#fArea > button.fbtn
   △ [tap-target] 75×38px 「田原本町」 @ div#fArea > button.fbtn
   △ [tap-target] 62×38px 「生駒市」 @ div#fArea > button.fbtn
   △ [tap-target] 75×38px 「木津川市」 @ div#fArea > button.fbtn
   △ [tap-target] 62×38px 「斑鳩町」 @ div#fArea > button.fbtn
   △ [tap-target] 75×38px 「京田辺市」 @ div#fArea > button.fbtn
   △ [tap-target] 62×38px 「橿原市」 @ div#fArea > button.fbtn
   ✗ [tap-target] 32×18px 「トップ」 @ footer.colo > div.colo__in > nav.colo__nav > a
   ✗ [tap-target] 106×18px 「家づくりのこだわり」 @ footer.colo > div.colo__in > nav.colo__nav > a
   ✗ [tap-target] 73×18px 「モデルハウス」 @ footer.colo > div.colo__in > nav.colo__nav > a
   ✗ [tap-target] 72×18px 「分譲地・物件」 @ footer.colo > div.colo__in > nav.colo__nav > a
   ✗ [tap-target] 52×18px 「会社案内」 @ footer.colo > div.colo__in > nav.colo__nav > a
   ✗ [tap-target] 76×18px 「お問い合わせ」 @ footer.colo > div.colo__in > nav.colo__nav > a
   △ [font-floor] 10.2px 「Voice ／ お客様の声」 @ section#top > div.cover__in > div > span.eyebrow
   ✗ [font-floor] 14.7px 「やまとの家を建てられたお客様に、」 @ section#top > div.cover__in > div > p.cover__lead
❌ webkit 360px  FAIL:10 WARN:17
   △ [tap-target] 115×26px 「株式会社
    やまと不動産」 @ header#hd > a.hd__brand
   △ [tap-target] 149×36px 「来場のご予約」 @ header#hd > a.hd__cta
   △ [tap-target] 62×38px 「すべて」 @ div#fArea > button.fbtn.is-on
   △ [tap-target] 62×38px 「奈良市」 @ div#fArea > button.fbtn
   △ [tap-target] 89×38px 「大和郡山市」 @ div#fArea > button.fbtn
   △ [tap-target] 62×38px 「天理市」 @ div#fArea > button.fbtn
   △ [tap-target] 75×38px 「田原本町」 @ div#fArea > button.fbtn
   △ [tap-target] 62×38px 「生駒市」 @ div#fArea > button.fbtn
   △ [tap-target] 75×38px 「木津川市」 @ div#fArea > button.fbtn
   △ [tap-target] 62×38px 「斑鳩町」 @ div#fArea > button.fbtn
   △ [tap-target] 75×38px 「京田辺市」 @ div#fArea > button.fbtn
   △ [tap-target] 62×38px 「橿原市」 @ div#fArea > button.fbtn
   ✗ [tap-target] 32×18px 「トップ」 @ footer.colo > div.colo__in > nav.colo__nav > a
   ✗ [tap-target] 106×18px 「家づくりのこだわり」 @ footer.colo > div.colo__in > nav.colo__nav > a
   ✗ [tap-target] 73×18px 「モデルハウス」 @ footer.colo > div.colo__in > nav.colo__nav > a
   ✗ [tap-target] 72×18px 「分譲地・物件」 @ footer.colo > div.colo__in > nav.colo__nav > a
   ✗ [tap-target] 52×18px 「会社案内」 @ footer.colo > div.colo__in > nav.colo__nav > a
   ✗ [tap-target] 76×18px 「お問い合わせ」 @ footer.colo > div.colo__in > nav.colo__nav > a
   △ [font-floor] 10.2px 「Voice ／ お客様の声」 @ section#top > div.cover__in > div > span.eyebrow
   ✗ [font-floor] 14.8px 「やまとの家を建てられたお客様に、」 @ section#top > div.cover__in > div > p.cover__lead
❌ webkit 375px  FAIL:10 WARN:17
   △ [tap-target] 118×26px 「株式会社
    やまと不動産」 @ header#hd > a.hd__brand
   △ [tap-target] 149×36px 「来場のご予約」 @ header#hd > a.hd__cta
   △ [tap-target] 62×38px 「すべて」 @ div#fArea > button.fbtn.is-on
   △ [tap-target] 62×38px 「奈良市」 @ div#fArea > button.fbtn
   △ [tap-target] 89×38px 「大和郡山市」 @ div#fArea > button.fbtn
   △ [tap-target] 62×38px 「天理市」 @ div#fArea > button.fbtn
   △ [tap-target] 75×38px 「田原本町」 @ div#fArea > button.fbtn
   △ [tap-target] 62×38px 「生駒市」 @ div#fArea > button.fbtn
   △ [tap-target] 75×38px 「木津川市」 @ div#fArea > button.fbtn
   △ [tap-target] 62×38px 「斑鳩町」 @ div#fArea > button.fbtn
   △ [tap-target] 75×38px 「京田辺市」 @ div#fArea > button.fbtn
   △ [tap-target] 62×38px 「橿原市」 @ div#fArea > button.fbtn
   ✗ [tap-target] 32×18px 「トップ」 @ footer.colo > div.colo__in > nav.colo__nav > a
   ✗ [tap-target] 106×18px 「家づくりのこだわり」 @ footer.colo > div.colo__in > nav.colo__nav > a
   ✗ [tap-target] 73×18px 「モデルハウス」 @ footer.colo > div.colo__in > nav.colo__nav > a
   ✗ [tap-target] 72×18px 「分譲地・物件」 @ footer.colo > div.colo__in > nav.colo__nav > a
   ✗ [tap-target] 52×18px 「会社案内」 @ footer.colo > div.colo__in > nav.colo__nav > a
   ✗ [tap-target] 76×18px 「お問い合わせ」 @ footer.colo > div.colo__in > nav.colo__nav > a
   △ [font-floor] 10.2px 「Voice ／ お客様の声」 @ section#top > div.cover__in > div > span.eyebrow
   ✗ [font-floor] 14.9px 「やまとの家を建てられたお客様に、」 @ section#top > div.cover__in > div > p.cover__lead
❌ webkit 390px  FAIL:10 WARN:17
   △ [tap-target] 133×26px 「株式会社
    やまと不動産」 @ header#hd > a.hd__brand
   △ [tap-target] 149×36px 「来場のご予約」 @ header#hd > a.hd__cta
   △ [tap-target] 62×38px 「すべて」 @ div#fArea > button.fbtn.is-on
   △ [tap-target] 62×38px 「奈良市」 @ div#fArea > button.fbtn
   △ [tap-target] 89×38px 「大和郡山市」 @ div#fArea > button.fbtn
   △ [tap-target] 62×38px 「天理市」 @ div#fArea > button.fbtn
   △ [tap-target] 75×38px 「田原本町」 @ div#fArea > button.fbtn
   △ [tap-target] 62×38px 「生駒市」 @ div#fArea > button.fbtn
   △ [tap-target] 75×38px 「木津川市」 @ div#fArea > button.fbtn
   △ [tap-target] 62×38px 「斑鳩町」 @ div#fArea > button.fbtn
   △ [tap-target] 75×38px 「京田辺市」 @ div#fArea > button.fbtn
   △ [tap-target] 62×38px 「橿原市」 @ div#fArea > button.fbtn
   ✗ [tap-target] 32×18px 「トップ」 @ footer.colo > div.colo__in > nav.colo__nav > a
   ✗ [tap-target] 106×18px 「家づくりのこだわり」 @ footer.colo > div.colo__in > nav.colo__nav > a
   ✗ [tap-target] 73×18px 「モデルハウス」 @ footer.colo > div.colo__in > nav.colo__nav > a
   ✗ [tap-target] 72×18px 「分譲地・物件」 @ footer.colo > div.colo__in > nav.colo__nav > a
   ✗ [tap-target] 52×18px 「会社案内」 @ footer.colo > div.colo__in > nav.colo__nav > a
   ✗ [tap-target] 76×18px 「お問い合わせ」 @ footer.colo > div.colo__in > nav.colo__nav > a
   △ [font-floor] 10.2px 「Voice ／ お客様の声」 @ section#top > div.cover__in > div > span.eyebrow
   ✗ [font-floor] 14.9px 「やまとの家を建てられたお客様に、」 @ section#top > div.cover__in > div > p.cover__lead
❌ webkit 414px  FAIL:9 WARN:17
   △ [tap-target] 157×26px 「株式会社
    やまと不動産」 @ header#hd > a.hd__brand
   △ [tap-target] 149×36px 「来場のご予約」 @ header#hd > a.hd__cta
   △ [tap-target] 62×38px 「すべて」 @ div#fArea > button.fbtn.is-on
   △ [tap-target] 62×38px 「奈良市」 @ div#fArea > button.fbtn
   △ [tap-target] 89×38px 「大和郡山市」 @ div#fArea > button.fbtn
   △ [tap-target] 62×38px 「天理市」 @ div#fArea > button.fbtn
   △ [tap-target] 75×38px 「田原本町」 @ div#fArea > button.fbtn
   △ [tap-target] 62×38px 「生駒市」 @ div#fArea > button.fbtn
   △ [tap-target] 75×38px 「木津川市」 @ div#fArea > button.fbtn
   △ [tap-target] 62×38px 「斑鳩町」 @ div#fArea > button.fbtn
   △ [tap-target] 75×38px 「京田辺市」 @ div#fArea > button.fbtn
   △ [tap-target] 62×38px 「橿原市」 @ div#fArea > button.fbtn
   ✗ [tap-target] 32×18px 「トップ」 @ footer.colo > div.colo__in > nav.colo__nav > a
   ✗ [tap-target] 106×18px 「家づくりのこだわり」 @ footer.colo > div.colo__in > nav.colo__nav > a
   ✗ [tap-target] 73×18px 「モデルハウス」 @ footer.colo > div.colo__in > nav.colo__nav > a
   ✗ [tap-target] 72×18px 「分譲地・物件」 @ footer.colo > div.colo__in > nav.colo__nav > a
   ✗ [tap-target] 52×18px 「会社案内」 @ footer.colo > div.colo__in > nav.colo__nav > a
   ✗ [tap-target] 76×18px 「お問い合わせ」 @ footer.colo > div.colo__in > nav.colo__nav > a
   △ [font-floor] 10.2px 「Voice ／ お客様の声」 @ section#top > div.cover__in > div > span.eyebrow
   △ [font-floor] 10.6px 「Area」 @ div#fArea > span.bar__k
❌ webkit 768px  FAIL:9 WARN:19
   △ [tap-target] 206×26px 「株式会社
    やまと不動産」 @ header#hd > a.hd__brand
   △ [tap-target] 96×34px 「トップへ戻る」 @ header#hd > a.hd__back
   △ [tap-target] 149×36px 「来場のご予約」 @ header#hd > a.hd__cta
   △ [tap-target] 62×38px 「すべて」 @ div#fArea > button.fbtn.is-on
   △ [tap-target] 62×38px 「奈良市」 @ div#fArea > button.fbtn
   △ [tap-target] 89×38px 「大和郡山市」 @ div#fArea > button.fbtn
   △ [tap-target] 62×38px 「天理市」 @ div#fArea > button.fbtn
   △ [tap-target] 75×38px 「田原本町」 @ div#fArea > button.fbtn
   △ [tap-target] 62×38px 「生駒市」 @ div#fArea > button.fbtn
   △ [tap-target] 75×38px 「木津川市」 @ div#fArea > button.fbtn
   △ [tap-target] 62×38px 「斑鳩町」 @ div#fArea > button.fbtn
   △ [tap-target] 75×38px 「京田辺市」 @ div#fArea > button.fbtn
   △ [tap-target] 62×38px 「橿原市」 @ div#fArea > button.fbtn
   ✗ [tap-target] 32×18px 「トップ」 @ footer.colo > div.colo__in > nav.colo__nav > a
   ✗ [tap-target] 106×18px 「家づくりのこだわり」 @ footer.colo > div.colo__in > nav.colo__nav > a
   ✗ [tap-target] 73×18px 「モデルハウス」 @ footer.colo > div.colo__in > nav.colo__nav > a
   ✗ [tap-target] 72×18px 「分譲地・物件」 @ footer.colo > div.colo__in > nav.colo__nav > a
   ✗ [tap-target] 52×18px 「会社案内」 @ footer.colo > div.colo__in > nav.colo__nav > a
   ✗ [tap-target] 76×18px 「お問い合わせ」 @ footer.colo > div.colo__in > nav.colo__nav > a
   ✗ [font-floor] 8px 「株式」 @ header#hd > a.hd__brand > span.hd__kk > span
❌ webkit 1024px  FAIL:9 WARN:6
   ✗ [tap-target] 32×18px 「トップ」 @ footer.colo > div.colo__in > nav.colo__nav > a
   ✗ [tap-target] 106×18px 「家づくりのこだわり」 @ footer.colo > div.colo__in > nav.colo__nav > a
   ✗ [tap-target] 73×18px 「モデルハウス」 @ footer.colo > div.colo__in > nav.colo__nav > a
   ✗ [tap-target] 72×18px 「分譲地・物件」 @ footer.colo > div.colo__in > nav.colo__nav > a
   ✗ [tap-target] 52×18px 「会社案内」 @ footer.colo > div.colo__in > nav.colo__nav > a
   ✗ [tap-target] 76×18px 「お問い合わせ」 @ footer.colo > div.colo__in > nav.colo__nav > a
   ✗ [font-floor] 8px 「株式」 @ header#hd > a.hd__brand > span.hd__kk > span
   △ [font-floor] 10.2px 「Voice ／ お客様の声」 @ section#top > div.cover__in > div > span.eyebrow
   △ [font-floor] 10.6px 「Area」 @ div#fArea > span.bar__k
   △ [font-floor] 10.9px 「担当：田中（ぐっさん）」 @ article.vo.is-in > div.vo__body > footer.vo__meta > span.vo__staff
   △ [font-floor] 11.2px 「手紙を読む」 @ article.vo.is-in > div.vo__body > footer.vo__meta > span.vo__open
   △ [font-floor] 9.9px 「Model House」 @ body > section.close > div.close__in > span.close__k
   ✗ [font-floor] 11.2px 「Colophon ／ 掲載につい」 @ body > footer.colo > div.colo__in > p.colo__t
   ✗ [font-floor] 11.2px 「掲載の声は、お引き渡し後のアンケ」 @ body > footer.colo > div.colo__in > p
   △ [line-length] 51字/行 「株式会社やまと不動産（奈良県奈良市大…」 @ body > footer.colo > div.colo__in > p（規格 35〜45字/行。rem キャップ不足の疑い）
❌ webkit 1280px  FAIL:9 WARN:6
   ✗ [tap-target] 32×18px 「トップ」 @ footer.colo > div.colo__in > nav.colo__nav > a
   ✗ [tap-target] 106×18px 「家づくりのこだわり」 @ footer.colo > div.colo__in > nav.colo__nav > a
   ✗ [tap-target] 73×18px 「モデルハウス」 @ footer.colo > div.colo__in > nav.colo__nav > a
   ✗ [tap-target] 72×18px 「分譲地・物件」 @ footer.colo > div.colo__in > nav.colo__nav > a
   ✗ [tap-target] 52×18px 「会社案内」 @ footer.colo > div.colo__in > nav.colo__nav > a
   ✗ [tap-target] 76×18px 「お問い合わせ」 @ footer.colo > div.colo__in > nav.colo__nav > a
   ✗ [font-floor] 8px 「株式」 @ header#hd > a.hd__brand > span.hd__kk > span
   △ [font-floor] 10.2px 「Voice ／ お客様の声」 @ section#top > div.cover__in > div > span.eyebrow
   △ [font-floor] 10.6px 「Area」 @ div#fArea > span.bar__k
   △ [font-floor] 10.9px 「担当：田中（ぐっさん）」 @ article.vo.is-in > div.vo__body > footer.vo__meta > span.vo__staff
   △ [font-floor] 11.2px 「手紙を読む」 @ article.vo.is-in > div.vo__body > footer.vo__meta > span.vo__open
   △ [font-floor] 9.9px 「Model House」 @ body > section.close > div.close__in > span.close__k
   ✗ [font-floor] 11.2px 「Colophon ／ 掲載につい」 @ body > footer.colo > div.colo__in > p.colo__t
   ✗ [font-floor] 11.2px 「掲載の声は、お引き渡し後のアンケ」 @ body > footer.colo > div.colo__in > p
   △ [line-length] 51字/行 「株式会社やまと不動産（奈良県奈良市大…」 @ body > footer.colo > div.colo__in > p（規格 35〜45字/行。rem キャップ不足の疑い）
❌ webkit 1440px  FAIL:9 WARN:6
   ✗ [tap-target] 33×18px 「トップ」 @ footer.colo > div.colo__in > nav.colo__nav > a
   ✗ [tap-target] 105×18px 「家づくりのこだわり」 @ footer.colo > div.colo__in > nav.colo__nav > a
   ✗ [tap-target] 73×18px 「モデルハウス」 @ footer.colo > div.colo__in > nav.colo__nav > a
   ✗ [tap-target] 72×18px 「分譲地・物件」 @ footer.colo > div.colo__in > nav.colo__nav > a
   ✗ [tap-target] 52×18px 「会社案内」 @ footer.colo > div.colo__in > nav.colo__nav > a
   ✗ [tap-target] 75×18px 「お問い合わせ」 @ footer.colo > div.colo__in > nav.colo__nav > a
   ✗ [font-floor] 8px 「株式」 @ header#hd > a.hd__brand > span.hd__kk > span
   △ [font-floor] 10.2px 「Voice ／ お客様の声」 @ section#top > div.cover__in > div > span.eyebrow
   △ [font-floor] 10.6px 「Area」 @ div#fArea > span.bar__k
   △ [font-floor] 10.9px 「担当：田中（ぐっさん）」 @ article.vo.is-in > div.vo__body > footer.vo__meta > span.vo__staff
   △ [font-floor] 11.2px 「手紙を読む」 @ article.vo.is-in > div.vo__body > footer.vo__meta > span.vo__open
   △ [font-floor] 9.9px 「Model House」 @ body > section.close > div.close__in > span.close__k
   ✗ [font-floor] 11.2px 「Colophon ／ 掲載につい」 @ body > footer.colo > div.colo__in > p.colo__t
   ✗ [font-floor] 11.2px 「掲載の声は、お引き渡し後のアンケ」 @ body > footer.colo > div.colo__in > p
   △ [line-length] 51字/行 「株式会社やまと不動産（奈良県奈良市大…」 @ body > footer.colo > div.colo__in > p（規格 35〜45字/行。rem キャップ不足の疑い）
❌ webkit 1920px  FAIL:9 WARN:6
   ✗ [tap-target] 32×18px 「トップ」 @ footer.colo > div.colo__in > nav.colo__nav > a
   ✗ [tap-target] 106×18px 「家づくりのこだわり」 @ footer.colo > div.colo__in > nav.colo__nav > a
   ✗ [tap-target] 73×18px 「モデルハウス」 @ footer.colo > div.colo__in > nav.colo__nav > a
   ✗ [tap-target] 72×18px 「分譲地・物件」 @ footer.colo > div.colo__in > nav.colo__nav > a
   ✗ [tap-target] 52×18px 「会社案内」 @ footer.colo > div.colo__in > nav.colo__nav > a
   ✗ [tap-target] 76×18px 「お問い合わせ」 @ footer.colo > div.colo__in > nav.colo__nav > a
   ✗ [font-floor] 8px 「株式」 @ header#hd > a.hd__brand > span.hd__kk > span
   △ [font-floor] 10.2px 「Voice ／ お客様の声」 @ section#top > div.cover__in > div > span.eyebrow
   △ [font-floor] 10.6px 「Area」 @ div#fArea > span.bar__k
   △ [font-floor] 10.9px 「担当：田中（ぐっさん）」 @ article.vo.is-in > div.vo__body > footer.vo__meta > span.vo__staff
   △ [font-floor] 11.2px 「手紙を読む」 @ article.vo.is-in > div.vo__body > footer.vo__meta > span.vo__open
   △ [font-floor] 9.9px 「Model House」 @ body > section.close > div.close__in > span.close__k
   ✗ [font-floor] 11.2px 「Colophon ／ 掲載につい」 @ body > footer.colo > div.colo__in > p.colo__t
   ✗ [font-floor] 11.2px 「掲載の声は、お引き渡し後のアンケ」 @ body > footer.colo > div.colo__in > p
   △ [line-length] 51字/行 「株式会社やまと不動産（奈良県奈良市大…」 @ body > footer.colo > div.colo__in > p（規格 35〜45字/行。rem キャップ不足の疑い）
❌ chromium 320px  FAIL:10 WARN:17
   △ [tap-target] 113×26px 「株式会社
    やまと不動産」 @ header#hd > a.hd__brand
   △ [tap-target] 149×36px 「来場のご予約」 @ header#hd > a.hd__cta
   △ [tap-target] 60×38px 「すべて」 @ div#fArea > button.fbtn.is-on
   △ [tap-target] 62×38px 「奈良市」 @ div#fArea > button.fbtn
   △ [tap-target] 89×38px 「大和郡山市」 @ div#fArea > button.fbtn
   △ [tap-target] 62×38px 「天理市」 @ div#fArea > button.fbtn
   △ [tap-target] 75×38px 「田原本町」 @ div#fArea > button.fbtn
   △ [tap-target] 62×38px 「生駒市」 @ div#fArea > button.fbtn
   △ [tap-target] 75×38px 「木津川市」 @ div#fArea > button.fbtn
   △ [tap-target] 62×38px 「斑鳩町」 @ div#fArea > button.fbtn
   △ [tap-target] 75×38px 「京田辺市」 @ div#fArea > button.fbtn
   △ [tap-target] 62×38px 「橿原市」 @ div#fArea > button.fbtn
   ✗ [tap-target] 32×18px 「トップ」 @ footer.colo > div.colo__in > nav.colo__nav > a
   ✗ [tap-target] 106×18px 「家づくりのこだわり」 @ footer.colo > div.colo__in > nav.colo__nav > a
   ✗ [tap-target] 73×18px 「モデルハウス」 @ footer.colo > div.colo__in > nav.colo__nav > a
   ✗ [tap-target] 72×18px 「分譲地・物件」 @ footer.colo > div.colo__in > nav.colo__nav > a
   ✗ [tap-target] 52×18px 「会社案内」 @ footer.colo > div.colo__in > nav.colo__nav > a
   ✗ [tap-target] 76×18px 「お問い合わせ」 @ footer.colo > div.colo__in > nav.colo__nav > a
   △ [font-floor] 10.2px 「Voice ／ お客様の声」 @ section#top > div.cover__in > div > span.eyebrow
   ✗ [font-floor] 14.7px 「やまとの家を建てられたお客様に、」 @ section#top > div.cover__in > div > p.cover__lead
❌ chromium 360px  FAIL:10 WARN:17
   △ [tap-target] 115×26px 「株式会社
    やまと不動産」 @ header#hd > a.hd__brand
   △ [tap-target] 149×36px 「来場のご予約」 @ header#hd > a.hd__cta
   △ [tap-target] 60×38px 「すべて」 @ div#fArea > button.fbtn.is-on
   △ [tap-target] 62×38px 「奈良市」 @ div#fArea > button.fbtn
   △ [tap-target] 89×38px 「大和郡山市」 @ div#fArea > button.fbtn
   △ [tap-target] 62×38px 「天理市」 @ div#fArea > button.fbtn
   △ [tap-target] 75×38px 「田原本町」 @ div#fArea > button.fbtn
   △ [tap-target] 62×38px 「生駒市」 @ div#fArea > button.fbtn
   △ [tap-target] 75×38px 「木津川市」 @ div#fArea > button.fbtn
   △ [tap-target] 62×38px 「斑鳩町」 @ div#fArea > button.fbtn
   △ [tap-target] 75×38px 「京田辺市」 @ div#fArea > button.fbtn
   △ [tap-target] 62×38px 「橿原市」 @ div#fArea > button.fbtn
   ✗ [tap-target] 32×18px 「トップ」 @ footer.colo > div.colo__in > nav.colo__nav > a
   ✗ [tap-target] 106×18px 「家づくりのこだわり」 @ footer.colo > div.colo__in > nav.colo__nav > a
   ✗ [tap-target] 73×18px 「モデルハウス」 @ footer.colo > div.colo__in > nav.colo__nav > a
   ✗ [tap-target] 72×18px 「分譲地・物件」 @ footer.colo > div.colo__in > nav.colo__nav > a
   ✗ [tap-target] 52×18px 「会社案内」 @ footer.colo > div.colo__in > nav.colo__nav > a
   ✗ [tap-target] 76×18px 「お問い合わせ」 @ footer.colo > div.colo__in > nav.colo__nav > a
   △ [font-floor] 10.2px 「Voice ／ お客様の声」 @ section#top > div.cover__in > div > span.eyebrow
   ✗ [font-floor] 14.8px 「やまとの家を建てられたお客様に、」 @ section#top > div.cover__in > div > p.cover__lead
❌ chromium 375px  FAIL:10 WARN:17
   △ [tap-target] 118×26px 「株式会社
    やまと不動産」 @ header#hd > a.hd__brand
   △ [tap-target] 149×36px 「来場のご予約」 @ header#hd > a.hd__cta
   △ [tap-target] 60×38px 「すべて」 @ div#fArea > button.fbtn.is-on
   △ [tap-target] 62×38px 「奈良市」 @ div#fArea > button.fbtn
   △ [tap-target] 89×38px 「大和郡山市」 @ div#fArea > button.fbtn
   △ [tap-target] 62×38px 「天理市」 @ div#fArea > button.fbtn
   △ [tap-target] 75×38px 「田原本町」 @ div#fArea > button.fbtn
   △ [tap-target] 62×38px 「生駒市」 @ div#fArea > button.fbtn
   △ [tap-target] 75×38px 「木津川市」 @ div#fArea > button.fbtn
   △ [tap-target] 62×38px 「斑鳩町」 @ div#fArea > button.fbtn
   △ [tap-target] 75×38px 「京田辺市」 @ div#fArea > button.fbtn
   △ [tap-target] 62×38px 「橿原市」 @ div#fArea > button.fbtn
   ✗ [tap-target] 32×18px 「トップ」 @ footer.colo > div.colo__in > nav.colo__nav > a
   ✗ [tap-target] 106×18px 「家づくりのこだわり」 @ footer.colo > div.colo__in > nav.colo__nav > a
   ✗ [tap-target] 73×18px 「モデルハウス」 @ footer.colo > div.colo__in > nav.colo__nav > a
   ✗ [tap-target] 72×18px 「分譲地・物件」 @ footer.colo > div.colo__in > nav.colo__nav > a
   ✗ [tap-target] 52×18px 「会社案内」 @ footer.colo > div.colo__in > nav.colo__nav > a
   ✗ [tap-target] 76×18px 「お問い合わせ」 @ footer.colo > div.colo__in > nav.colo__nav > a
   △ [font-floor] 10.2px 「Voice ／ お客様の声」 @ section#top > div.cover__in > div > span.eyebrow
   ✗ [font-floor] 14.9px 「やまとの家を建てられたお客様に、」 @ section#top > div.cover__in > div > p.cover__lead
❌ chromium 390px  FAIL:10 WARN:17
   △ [tap-target] 133×26px 「株式会社
    やまと不動産」 @ header#hd > a.hd__brand
   △ [tap-target] 149×36px 「来場のご予約」 @ header#hd > a.hd__cta
   △ [tap-target] 60×38px 「すべて」 @ div#fArea > button.fbtn.is-on
   △ [tap-target] 62×38px 「奈良市」 @ div#fArea > button.fbtn
   △ [tap-target] 89×38px 「大和郡山市」 @ div#fArea > button.fbtn
   △ [tap-target] 62×38px 「天理市」 @ div#fArea > button.fbtn
   △ [tap-target] 75×38px 「田原本町」 @ div#fArea > button.fbtn
   △ [tap-target] 62×38px 「生駒市」 @ div#fArea > button.fbtn
   △ [tap-target] 75×38px 「木津川市」 @ div#fArea > button.fbtn
   △ [tap-target] 62×38px 「斑鳩町」 @ div#fArea > button.fbtn
   △ [tap-target] 75×38px 「京田辺市」 @ div#fArea > button.fbtn
   △ [tap-target] 62×38px 「橿原市」 @ div#fArea > button.fbtn
   ✗ [tap-target] 32×18px 「トップ」 @ footer.colo > div.colo__in > nav.colo__nav > a
   ✗ [tap-target] 106×18px 「家づくりのこだわり」 @ footer.colo > div.colo__in > nav.colo__nav > a
   ✗ [tap-target] 73×18px 「モデルハウス」 @ footer.colo > div.colo__in > nav.colo__nav > a
   ✗ [tap-target] 72×18px 「分譲地・物件」 @ footer.colo > div.colo__in > nav.colo__nav > a
   ✗ [tap-target] 52×18px 「会社案内」 @ footer.colo > div.colo__in > nav.colo__nav > a
   ✗ [tap-target] 76×18px 「お問い合わせ」 @ footer.colo > div.colo__in > nav.colo__nav > a
   △ [font-floor] 10.2px 「Voice ／ お客様の声」 @ section#top > div.cover__in > div > span.eyebrow
   ✗ [font-floor] 14.9px 「やまとの家を建てられたお客様に、」 @ section#top > div.cover__in > div > p.cover__lead
❌ chromium 414px  FAIL:9 WARN:17
   △ [tap-target] 157×26px 「株式会社
    やまと不動産」 @ header#hd > a.hd__brand
   △ [tap-target] 149×36px 「来場のご予約」 @ header#hd > a.hd__cta
   △ [tap-target] 60×38px 「すべて」 @ div#fArea > button.fbtn.is-on
   △ [tap-target] 62×38px 「奈良市」 @ div#fArea > button.fbtn
   △ [tap-target] 89×38px 「大和郡山市」 @ div#fArea > button.fbtn
   △ [tap-target] 62×38px 「天理市」 @ div#fArea > button.fbtn
   △ [tap-target] 75×38px 「田原本町」 @ div#fArea > button.fbtn
   △ [tap-target] 62×38px 「生駒市」 @ div#fArea > button.fbtn
   △ [tap-target] 75×38px 「木津川市」 @ div#fArea > button.fbtn
   △ [tap-target] 62×38px 「斑鳩町」 @ div#fArea > button.fbtn
   △ [tap-target] 75×38px 「京田辺市」 @ div#fArea > button.fbtn
   △ [tap-target] 62×38px 「橿原市」 @ div#fArea > button.fbtn
   ✗ [tap-target] 32×18px 「トップ」 @ footer.colo > div.colo__in > nav.colo__nav > a
   ✗ [tap-target] 106×18px 「家づくりのこだわり」 @ footer.colo > div.colo__in > nav.colo__nav > a
   ✗ [tap-target] 73×18px 「モデルハウス」 @ footer.colo > div.colo__in > nav.colo__nav > a
   ✗ [tap-target] 72×18px 「分譲地・物件」 @ footer.colo > div.colo__in > nav.colo__nav > a
   ✗ [tap-target] 52×18px 「会社案内」 @ footer.colo > div.colo__in > nav.colo__nav > a
   ✗ [tap-target] 76×18px 「お問い合わせ」 @ footer.colo > div.colo__in > nav.colo__nav > a
   △ [font-floor] 10.2px 「Voice ／ お客様の声」 @ section#top > div.cover__in > div > span.eyebrow
   △ [font-floor] 10.6px 「Area」 @ div#fArea > span.bar__k
❌ chromium 768px  FAIL:9 WARN:19
   △ [tap-target] 205×26px 「株式会社
    やまと不動産」 @ header#hd > a.hd__brand
   △ [tap-target] 95×34px 「トップへ戻る」 @ header#hd > a.hd__back
   △ [tap-target] 149×36px 「来場のご予約」 @ header#hd > a.hd__cta
   △ [tap-target] 60×38px 「すべて」 @ div#fArea > button.fbtn.is-on
   △ [tap-target] 62×38px 「奈良市」 @ div#fArea > button.fbtn
   △ [tap-target] 89×38px 「大和郡山市」 @ div#fArea > button.fbtn
   △ [tap-target] 62×38px 「天理市」 @ div#fArea > button.fbtn
   △ [tap-target] 75×38px 「田原本町」 @ div#fArea > button.fbtn
   △ [tap-target] 62×38px 「生駒市」 @ div#fArea > button.fbtn
   △ [tap-target] 75×38px 「木津川市」 @ div#fArea > button.fbtn
   △ [tap-target] 62×38px 「斑鳩町」 @ div#fArea > button.fbtn
   △ [tap-target] 75×38px 「京田辺市」 @ div#fArea > button.fbtn
   △ [tap-target] 62×38px 「橿原市」 @ div#fArea > button.fbtn
   ✗ [tap-target] 32×18px 「トップ」 @ footer.colo > div.colo__in > nav.colo__nav > a
   ✗ [tap-target] 106×18px 「家づくりのこだわり」 @ footer.colo > div.colo__in > nav.colo__nav > a
   ✗ [tap-target] 73×18px 「モデルハウス」 @ footer.colo > div.colo__in > nav.colo__nav > a
   ✗ [tap-target] 72×18px 「分譲地・物件」 @ footer.colo > div.colo__in > nav.colo__nav > a
   ✗ [tap-target] 52×18px 「会社案内」 @ footer.colo > div.colo__in > nav.colo__nav > a
   ✗ [tap-target] 76×18px 「お問い合わせ」 @ footer.colo > div.colo__in > nav.colo__nav > a
   ✗ [font-floor] 8px 「株式」 @ header#hd > a.hd__brand > span.hd__kk > span
❌ chromium 1024px  FAIL:9 WARN:6
   ✗ [tap-target] 32×18px 「トップ」 @ footer.colo > div.colo__in > nav.colo__nav > a
   ✗ [tap-target] 106×18px 「家づくりのこだわり」 @ footer.colo > div.colo__in > nav.colo__nav > a
   ✗ [tap-target] 73×18px 「モデルハウス」 @ footer.colo > div.colo__in > nav.colo__nav > a
   ✗ [tap-target] 72×18px 「分譲地・物件」 @ footer.colo > div.colo__in > nav.colo__nav > a
   ✗ [tap-target] 52×18px 「会社案内」 @ footer.colo > div.colo__in > nav.colo__nav > a
   ✗ [tap-target] 76×18px 「お問い合わせ」 @ footer.colo > div.colo__in > nav.colo__nav > a
   ✗ [font-floor] 8px 「株式」 @ header#hd > a.hd__brand > span.hd__kk > span
   △ [font-floor] 10.2px 「Voice ／ お客様の声」 @ section#top > div.cover__in > div > span.eyebrow
   △ [font-floor] 10.6px 「Area」 @ div#fArea > span.bar__k
   △ [font-floor] 10.9px 「担当：田中（ぐっさん）」 @ article.vo.is-in > div.vo__body > footer.vo__meta > span.vo__staff
   △ [font-floor] 11.2px 「手紙を読む」 @ article.vo.is-in > div.vo__body > footer.vo__meta > span.vo__open
   △ [font-floor] 9.9px 「Model House」 @ body > section.close > div.close__in > span.close__k
   ✗ [font-floor] 11.2px 「Colophon ／ 掲載につい」 @ body > footer.colo > div.colo__in > p.colo__t
   ✗ [font-floor] 11.2px 「掲載の声は、お引き渡し後のアンケ」 @ body > footer.colo > div.colo__in > p
   △ [line-length] 51字/行 「株式会社やまと不動産（奈良県奈良市大…」 @ body > footer.colo > div.colo__in > p（規格 35〜45字/行。rem キャップ不足の疑い）
❌ chromium 1280px  FAIL:9 WARN:6
   ✗ [tap-target] 32×18px 「トップ」 @ footer.colo > div.colo__in > nav.colo__nav > a
   ✗ [tap-target] 106×18px 「家づくりのこだわり」 @ footer.colo > div.colo__in > nav.colo__nav > a
   ✗ [tap-target] 73×18px 「モデルハウス」 @ footer.colo > div.colo__in > nav.colo__nav > a
   ✗ [tap-target] 72×18px 「分譲地・物件」 @ footer.colo > div.colo__in > nav.colo__nav > a
   ✗ [tap-target] 52×18px 「会社案内」 @ footer.colo > div.colo__in > nav.colo__nav > a
   ✗ [tap-target] 76×18px 「お問い合わせ」 @ footer.colo > div.colo__in > nav.colo__nav > a
   ✗ [font-floor] 8px 「株式」 @ header#hd > a.hd__brand > span.hd__kk > span
   △ [font-floor] 10.2px 「Voice ／ お客様の声」 @ section#top > div.cover__in > div > span.eyebrow
   △ [font-floor] 10.6px 「Area」 @ div#fArea > span.bar__k
   △ [font-floor] 10.9px 「担当：田中（ぐっさん）」 @ article.vo.is-in > div.vo__body > footer.vo__meta > span.vo__staff
   △ [font-floor] 11.2px 「手紙を読む」 @ article.vo.is-in > div.vo__body > footer.vo__meta > span.vo__open
   △ [font-floor] 9.9px 「Model House」 @ body > section.close > div.close__in > span.close__k
   ✗ [font-floor] 11.2px 「Colophon ／ 掲載につい」 @ body > footer.colo > div.colo__in > p.colo__t
   ✗ [font-floor] 11.2px 「掲載の声は、お引き渡し後のアンケ」 @ body > footer.colo > div.colo__in > p
   △ [line-length] 51字/行 「株式会社やまと不動産（奈良県奈良市大…」 @ body > footer.colo > div.colo__in > p（規格 35〜45字/行。rem キャップ不足の疑い）
❌ chromium 1440px  FAIL:9 WARN:6
   ✗ [tap-target] 32×18px 「トップ」 @ footer.colo > div.colo__in > nav.colo__nav > a
   ✗ [tap-target] 106×18px 「家づくりのこだわり」 @ footer.colo > div.colo__in > nav.colo__nav > a
   ✗ [tap-target] 73×18px 「モデルハウス」 @ footer.colo > div.colo__in > nav.colo__nav > a
   ✗ [tap-target] 72×18px 「分譲地・物件」 @ footer.colo > div.colo__in > nav.colo__nav > a
   ✗ [tap-target] 52×18px 「会社案内」 @ footer.colo > div.colo__in > nav.colo__nav > a
   ✗ [tap-target] 76×18px 「お問い合わせ」 @ footer.colo > div.colo__in > nav.colo__nav > a
   ✗ [font-floor] 8px 「株式」 @ header#hd > a.hd__brand > span.hd__kk > span
   △ [font-floor] 10.2px 「Voice ／ お客様の声」 @ section#top > div.cover__in > div > span.eyebrow
   △ [font-floor] 10.6px 「Area」 @ div#fArea > span.bar__k
   △ [font-floor] 10.9px 「担当：田中（ぐっさん）」 @ article.vo.is-in > div.vo__body > footer.vo__meta > span.vo__staff
   △ [font-floor] 11.2px 「手紙を読む」 @ article.vo.is-in > div.vo__body > footer.vo__meta > span.vo__open
   △ [font-floor] 9.9px 「Model House」 @ body > section.close > div.close__in > span.close__k
   ✗ [font-floor] 11.2px 「Colophon ／ 掲載につい」 @ body > footer.colo > div.colo__in > p.colo__t
   ✗ [font-floor] 11.2px 「掲載の声は、お引き渡し後のアンケ」 @ body > footer.colo > div.colo__in > p
   △ [line-length] 51字/行 「株式会社やまと不動産（奈良県奈良市大…」 @ body > footer.colo > div.colo__in > p（規格 35〜45字/行。rem キャップ不足の疑い）
❌ chromium 1920px  FAIL:9 WARN:6
   ✗ [tap-target] 32×18px 「トップ」 @ footer.colo > div.colo__in > nav.colo__nav > a
   ✗ [tap-target] 106×18px 「家づくりのこだわり」 @ footer.colo > div.colo__in > nav.colo__nav > a
   ✗ [tap-target] 73×18px 「モデルハウス」 @ footer.colo > div.colo__in > nav.colo__nav > a
   ✗ [tap-target] 72×18px 「分譲地・物件」 @ footer.colo > div.colo__in > nav.colo__nav > a
   ✗ [tap-target] 52×18px 「会社案内」 @ footer.colo > div.colo__in > nav.colo__nav > a
   ✗ [tap-target] 76×18px 「お問い合わせ」 @ footer.colo > div.colo__in > nav.colo__nav > a
   ✗ [font-floor] 8px 「株式」 @ header#hd > a.hd__brand > span.hd__kk > span
   △ [font-floor] 10.2px 「Voice ／ お客様の声」 @ section#top > div.cover__in > div > span.eyebrow
   △ [font-floor] 10.6px 「Area」 @ div#fArea > span.bar__k
   △ [font-floor] 10.9px 「担当：田中（ぐっさん）」 @ article.vo.is-in > div.vo__body > footer.vo__meta > span.vo__staff
   △ [font-floor] 11.2px 「手紙を読む」 @ article.vo.is-in > div.vo__body > footer.vo__meta > span.vo__open
   △ [font-floor] 9.9px 「Model House」 @ body > section.close > div.close__in > span.close__k
   ✗ [font-floor] 11.2px 「Colophon ／ 掲載につい」 @ body > footer.colo > div.colo__in > p.colo__t
   ✗ [font-floor] 11.2px 「掲載の声は、お引き渡し後のアンケ」 @ body > footer.colo > div.colo__in > p
   △ [line-length] 51字/行 「株式会社やまと不動産（奈良県奈良市大…」 @ body > footer.colo > div.colo__in > p（規格 35〜45字/行。rem キャップ不足の疑い）

──────────────────────────────────────────────────
❌ FAIL 188件 / WARN 256件 — 全緑になるまで完成として提示しない
report: /Users/takahirokamino/Downloads/最終やまと不動産画像ファイル/デザイン図面_20260703/_mobile-verify/report.json / screenshots: /Users/takahirokamino/Downloads/最終やまと不動産画像ファイル/デザイン図面_20260703/_mobile-verify
